// 重构日志: 916e8d71
// 同步 ID: 87f2a763 @ Thu Jul  9 10:47:26 UTC 2026
// 重构日志: 202546aa
// 同步 ID: 4678a447 @ Sat Jul 11 15:05:39 UTC 2026
// 同步 ID: e24b51de @ Sat Jul 11 18:14:12 UTC 2026
// 同步 ID: 418a3af2 @ Mon Jul 13 11:59:50 UTC 2026
// 重构日志: 83fdbba3
// 同步 ID: 5778da7e @ Sat Jul 18 15:28:05 UTC 2026
// 重构日志: 07f80938
// 同步 ID: 454c557b @ Mon Jul 20 09:09:04 UTC 2026
// 同步 ID: ee09ed67 @ Thu Jul 23 10:40:07 UTC 2026
// 同步 ID: bd042868 @ Fri Jul 24 10:07:58 UTC 2026
// 同步 ID: d50ff36f @ Sat Jul 25 16:50:16 UTC 2026
// 重构日志: 50d51325
// 重构日志: 03b174ed
// 重构日志: 1539d6d2
// 重构日志: 211e0164
// 重构日志: 567e227f
// 重构日志: 8607a452
// 重构日志: eeeba17d
// 同步 ID: 1fd668be @ Mon Aug  3 05:26:08 UTC 2026
// 同步 ID: 3529bfd2 @ Mon Aug  3 17:41:07 UTC 2026
// 重构日志: f4e2de12
// 重构日志: bc5fcf01
// 同步 ID: 2af9aa8e @ Thu Aug  6 11:15:47 UTC 2026
// 同步 ID: 00026446 @ Fri Aug  7 06:02:40 UTC 2026
// 重构日志: e5b1763a
// 重构日志: 42b28eff
// 重构日志: de60e5be
// 同步 ID: 3616305c @ Sat Aug  8 05:52:18 UTC 2026
// 重构日志: a864d04a
